**********************
Windows PowerShell transcript start
Start time: 20260924112421
Username: ANGELO\Angelo Calpoporo
RunAs User: ANGELO\Angelo Calpoporo
Configuration Name: 
Machine: ANGELO (Microsoft Windows NT 10.0.26200.0)
Host Application: C:\WINDOWS/System32/WindowsPowerShell/v1.0/powershell.exe -ExecutionPolicy Bypass -NoExit -File C:\Espressif/Initialize-Idf.ps1 -IdfId esp-idf-20ee62e792ea89630ac6a777ab3ebc57
Process ID: 32852
PSVersion: 5.1.26100.9444
PSEdition: Desktop
PSCompatibleVersions: 1.0, 2.0, 3.0, 4.0, 5.0, 5.1.26100.9444
BuildVersion: 10.0.26100.9444
CLRVersion: 4.0.30319.42000
WSManStackVersion: 3.0
PSRemotingProtocolVersion: 2.3
SerializationVersion: 1.1.0.1
**********************
  Logging this run -> A:\Angelo\Excelsior\THESIS\T\ESP32-Environment\run_logs\linear-blackhole-none-g402_2026-09-24_112421.log

Exit each monitor with Ctrl+]  -  NOT Ctrl+C (Ctrl+C kills this wizard too).

A CHILD flashed before the root has nothing to join yet, so it will spam
'[FIND] ... fail to find a network' for up to 60s - that is NORMAL, not stuck.
It boots fine either way. Do not wait it out - press Ctrl+] as soon as you see
'=== VICTIM NODE STARTING ===' (or the matching attack banner) and move on.

Parking the root on COM3 (bootloader, firmware kept) - its OLD firmware would otherwise
send a stale TERMINATE that stops the children before the new root even starts.
  COM3 parked - silent until its turn.

=== [1/5] node2 - blackhole victim on COM16 ===
  .\run.ps1 -Port COM16 -Role child -Label node2 -Topology linear -Location G402 -Repeat 1 -Scenario none -Wipe -Flash -Attack blackhole -BlackholeRole victim -Export
Setting COM16's clock from this laptop (so captures get real dates) ...

Full-erasing COM16 before this run (guaranteed-clean SPIFFS; auto-fixes 'storage full') ...

Board: node2 (on COM16)
Flashing + monitoring child on COM16 (topology=linear, attack=blackhole, scenario=none, build=C:\Users\Angelo Calpoporo\AppData\Local\esp32_builds\T_1140e558\child_node\build_child_blackhole_linear_victim_COM16). Ctrl+] when it reaches 'terminate' to auto-export (you'll get a few seconds to cancel with 'n').



Monitor closed - exporting child CSVs from COM16 in 5s. Press 'n' to skip.
Export skipped. Data is safe on COM16's SPIFFS.
To export later:  python tools\export_logs.py --port COM16 --role child --topology linear --attack blackhole --repeat 1 --scenario none --location G402 --label node2

=== [2/5] node3 - blackhole victim on COM17 ===
  .\run.ps1 -Port COM17 -Role child -Label node3 -Topology linear -Location G402 -Repeat 1 -Scenario none -Wipe -Flash -Attack blackhole -BlackholeRole victim -Export
Setting COM17's clock from this laptop (so captures get real dates) ...

Full-erasing COM17 before this run (guaranteed-clean SPIFFS; auto-fixes 'storage full') ...

Board: node3 (on COM17)
Flashing + monitoring child on COM17 (topology=linear, attack=blackhole, scenario=none, build=C:\Users\Angelo Calpoporo\AppData\Local\esp32_builds\T_1140e558\child_node\build_child_blackhole_linear_victim_COM17). Ctrl+] when it reaches 'terminate' to auto-export (you'll get a few seconds to cancel with 'n').



Monitor closed - exporting child CSVs from COM17 in 5s. Press 'n' to skip.
Export skipped. Data is safe on COM17's SPIFFS.
To export later:  python tools\export_logs.py --port COM17 --role child --topology linear --attack blackhole --repeat 1 --scenario none --location G402 --label node3

=== [3/5] node4 - blackhole victim on COM18 ===
  .\run.ps1 -Port COM18 -Role child -Label node4 -Topology linear -Location G402 -Repeat 1 -Scenario none -Wipe -Flash -Attack blackhole -BlackholeRole victim -Export
Setting COM18's clock from this laptop (so captures get real dates) ...

Full-erasing COM18 before this run (guaranteed-clean SPIFFS; auto-fixes 'storage full') ...

Board: node4 (on COM18)
Flashing + monitoring child on COM18 (topology=linear, attack=blackhole, scenario=none, build=C:\Users\Angelo Calpoporo\AppData\Local\esp32_builds\T_1140e558\child_node\build_child_blackhole_linear_victim_COM18). Ctrl+] when it reaches 'terminate' to auto-export (you'll get a few seconds to cancel with 'n').



Monitor closed - exporting child CSVs from COM18 in 5s. Press 'n' to skip.
Export skipped. Data is safe on COM18's SPIFFS.
To export later:  python tools\export_logs.py --port COM18 --role child --topology linear --attack blackhole --repeat 1 --scenario none --location G402 --label node4

=== [4/5] node5 - blackhole victim on COM4 ===
  .\run.ps1 -Port COM4 -Role child -Label node5 -Topology linear -Location G402 -Repeat 1 -Scenario none -Wipe -Flash -Attack blackhole -BlackholeRole victim -Export
Setting COM4's clock from this laptop (so captures get real dates) ...

Full-erasing COM4 before this run (guaranteed-clean SPIFFS; auto-fixes 'storage full') ...

Board: node5 (on COM4)
Flashing + monitoring child on COM4 (topology=linear, attack=blackhole, scenario=none, build=C:\Users\Angelo Calpoporo\AppData\Local\esp32_builds\T_1140e558\child_node\build_child_blackhole_linear_victim_COM4). Ctrl+] when it reaches 'terminate' to auto-export (you'll get a few seconds to cancel with 'n').



Monitor closed - exporting child CSVs from COM4 in 5s. Press 'n' to skip.
Export skipped. Data is safe on COM4's SPIFFS.
To export later:  python tools\export_logs.py --port COM4 --role child --topology linear --attack blackhole --repeat 1 --scenario none --location G402 --label node5

=== [5/5] node1 - ROOT (announces the phases) on COM3 ===

  This is the root: the experiment runs 11 min once the mesh forms.
  Expected TERMINATE around 11:47 - set an alarm, nothing needs you until then.
  Then come back and press Ctrl+] to auto-export.

  Waking the parked root so run.ps1 can set its clock ...
  .\run.ps1 -Port COM3 -Role root -Label node1 -Topology linear -Location G402 -Repeat 1 -Scenario none -Wipe -Flash -Attack blackhole -Analyze
Setting COM3's clock from this laptop (so captures get real dates) ...

Full-erasing COM3 before this run (guaranteed-clean SPIFFS; auto-fixes 'storage full') ...

Board: node1 (on COM3)
Flashing + monitoring root on COM3 (topology=linear, attack=blackhole, scenario=none, build=C:\Users\Angelo Calpoporo\AppData\Local\esp32_builds\T_1140e558\root_node\build_root_blackhole_linear_COM3). Ctrl+] when it reaches 'terminate' to auto-export (you'll get a few seconds to cancel with 'n').



Monitor closed - exporting root CSVs from COM3 in 5s. Press 'n' to skip.
Export skipped. Data is safe on COM3's SPIFFS.
To export later:  python tools\export_logs.py --port COM3 --role root --topology linear --attack blackhole --repeat 1 --scenario none --location G402 --label node1

All 5 board(s) done in 17 min 19 sec.
    node2    2 min 43 sec
    node3    1 min 59 sec
    node4    58 sec
    node5    6 min 07 sec
    node1    5 min 21 sec   (root)
  Exports  -> A:\Angelo\Excelsior\THESIS\T\ESP32-Environment\tools\exports\blackhole\linear\G402
  Analysis -> A:\Angelo\Excelsior\THESIS\T\ESP32-Environment\analysis\blackhole\linear\G402
             (windowed_dataset.csv, feature_table.csv, eda_output\)

Check the attack signature: in the root's *_arrivals.csv, each victim's
src_mac should go silent during gt_label=1 rows and resume at cooldown.

Graded run? Record it:  python tools\run_matrix.py --autorecord
**********************
Windows PowerShell transcript end
End time: 20260924114143
**********************
