**********************
Windows PowerShell transcript start
Start time: 20260918160244
Username: ANGELO\Angelo Calpoporo
RunAs User: ANGELO\Angelo Calpoporo
Configuration Name: 
Machine: ANGELO (Microsoft Windows NT 10.0.26200.0)
Host Application: C:\WINDOWS/System32/WindowsPowerShell/v1.0/powershell.exe -ExecutionPolicy Bypass -NoExit -File C:\Espressif/Initialize-Idf.ps1 -IdfId esp-idf-20ee62e792ea89630ac6a777ab3ebc57
Process ID: 49704
PSVersion: 5.1.26100.9444
PSEdition: Desktop
PSCompatibleVersions: 1.0, 2.0, 3.0, 4.0, 5.0, 5.1.26100.9444
BuildVersion: 10.0.26100.9444
CLRVersion: 4.0.30319.42000
WSManStackVersion: 3.0
PSRemotingProtocolVersion: 2.3
SerializationVersion: 1.1.0.1
**********************
  Logging this run -> A:\Angelo\Excelsior\THESIS\T\ESP32-Environment\run_logs\linear-blackhole-none-g402_2026-09-18_160244.log

Exit each monitor with Ctrl+]  -  NOT Ctrl+C (Ctrl+C kills this wizard too).

=== [1/1] ROOT - ROOT (announces the phases) on COM3 ===

  This is the root: the experiment runs 11 min once the mesh forms.
  Expected TERMINATE around 16:13 - set an alarm, nothing needs you until then.
  Then come back and press Ctrl+] to auto-export.
  .\run.ps1 -Port COM3 -Role root -Label ROOT -Topology linear -Location G402 -Repeat 1 -Scenario none -Wipe -Flash -Attack blackhole -Analyze
Full-erasing COM3 before this run (guaranteed-clean SPIFFS; auto-fixes 'storage full') ...

Board: ROOT (on COM3)
Flashing + monitoring root on COM3 (topology=linear, attack=blackhole, scenario=none, build=C:\Users\Angelo Calpoporo\AppData\Local\esp32_builds\T_1140e558\root_node\build_root_blackhole_linear_COM3). Ctrl+] when it reaches 'terminate' to auto-export (you'll get a few seconds to cancel with 'n').
I (956761) MESH_SETUP:  STATUS      : OK
I (956761) MESH_SETUP:  DETAIL      : chain of 1 node(s), B0:CB:D8:F3:32:18 .. B0:CB:D8:F3:32:18
I (956771) MESH_SETUP: ------------------------------------------------------------
I (956781) MESH_SETUP:  LYR   MAC ADDRESS        ROLE  RSSI  PHASE           AGE(s)
I (956791) MESH_SETUP:  L01   B0:CB:D8:F3:32:18  ROOT   n/a  0x04 TERMINATE       0
I (956801) MESH_SETUP:  n/a = no parent link to measure (root)
I (956801) MESH_SETUP: ============================================================
I (970811) MESH_SETUP: ============================================================
I (970811) MESH_SETUP:  MESH TOPOLOGY
I (970821) MESH_SETUP:  TYPE        : LINEAR
I (970821) MESH_SETUP:  NODE COUNT  : 0x01 (1)
I (970831) MESH_SETUP:  LAYER COUNT : 0x01 (1)
I (970831) MESH_SETUP:  REACHABLE   : 0x01 (1)
I (970841) MESH_SETUP:  STATUS      : OK
I (970841) MESH_SETUP:  DETAIL      : chain of 1 node(s), B0:CB:D8:F3:32:18 .. B0:CB:D8:F3:32:18
I (970851) MESH_SETUP: ------------------------------------------------------------
I (970861) MESH_SETUP:  LYR   MAC ADDRESS        ROLE  RSSI  PHASE           AGE(s)
I (970871) MESH_SETUP:  L01   B0:CB:D8:F3:32:18  ROOT   n/a  0x04 TERMINATE       0
I (970881) MESH_SETUP:  n/a = no parent link to measure (root)
I (970881) MESH_SETUP: ============================================================
I (984891) MESH_SETUP: ============================================================
I (984891) MESH_SETUP:  MESH TOPOLOGY
I (984891) MESH_SETUP:  TYPE        : LINEAR
I (984901) MESH_SETUP:  NODE COUNT  : 0x01 (1)
I (984901) MESH_SETUP:  LAYER COUNT : 0x01 (1)
I (984911) MESH_SETUP:  REACHABLE   : 0x01 (1)
I (984911) MESH_SETUP:  STATUS      : OK
I (984921) MESH_SETUP:  DETAIL      : chain of 1 node(s), B0:CB:D8:F3:32:18 .. B0:CB:D8:F3:32:18
I (984931) MESH_SETUP: ------------------------------------------------------------
I (984941) MESH_SETUP:  LYR   MAC ADDRESS        ROLE  RSSI  PHASE           AGE(s)
I (984951) MESH_SETUP:  L01   B0:CB:D8:F3:32:18  ROOT   n/a  0x04 TERMINATE       0
I (984951) MESH_SETUP:  n/a = no parent link to measure (root)
I (984961) MESH_SETUP: ============================================================

Done

Monitor closed - exporting root CSVs from COM3 in 5s. Press 'n' to skip.
Exporting root CSVs from COM3 ...

Done in 1m 04s. Files are in tools\exports\.


Auto-analysis (M6): python preprocess.py over blackhole\linear\G402 ...

Windowed dataset done in 9s -> analysis\blackhole\linear\G402\windowed_dataset.csv
Auto-analysis (M7): python features.py over blackhole\linear\G402 ...

Features done in 9s -> analysis\blackhole\linear\G402\feature_table.csv
Auto-analysis (M8): python eda.py -> blackhole\linear\G402\eda_output ...

EDA done in 17s -> analysis\blackhole\linear\G402\eda_output\

Export + analysis: 1m 46s total

All 1 board(s) done in 21 min 54 sec.
    ROOT     21 min 54 sec   (root)
  Exports  -> A:\Angelo\Excelsior\THESIS\T\ESP32-Environment\tools\exports\blackhole\linear\G402
  Analysis -> A:\Angelo\Excelsior\THESIS\T\ESP32-Environment\analysis\blackhole\linear\G402
             (windowed_dataset.csv, feature_table.csv, eda_output\)

Check the attack signature: in the root's *_arrivals.csv, each victim's
src_mac should go silent during gt_label=1 rows and resume at cooldown.

Graded run? Record it:  python tools\run_matrix.py --autorecord
**********************
Windows PowerShell transcript end
End time: 20260918162437
**********************
