**********************
Windows PowerShell transcript start
Start time: 20260918104559
Username: ANGELO\Angelo Calpoporo
RunAs User: ANGELO\Angelo Calpoporo
Configuration Name: 
Machine: ANGELO (Microsoft Windows NT 10.0.26200.0)
Host Application: C:\WINDOWS/System32/WindowsPowerShell/v1.0/powershell.exe -ExecutionPolicy Bypass -NoExit -File C:\Espressif/Initialize-Idf.ps1 -IdfId esp-idf-20ee62e792ea89630ac6a777ab3ebc57
Process ID: 49704
PSVersion: 5.1.26100.9444
PSEdition: Desktop
PSCompatibleVersions: 1.0, 2.0, 3.0, 4.0, 5.0, 5.1.26100.9444
BuildVersion: 10.0.26100.9444
CLRVersion: 4.0.30319.42000
WSManStackVersion: 3.0
PSRemotingProtocolVersion: 2.3
SerializationVersion: 1.1.0.1
**********************
  Logging this run -> A:\Angelo\Excelsior\THESIS\T\ESP32-Environment\run_logs\linear-blackhole-none-g402_2026-09-18_104559.log

Exit each monitor with Ctrl+]  -  NOT Ctrl+C (Ctrl+C kills this wizard too).

=== [1/1] ROOT - ROOT (announces the phases) on COM3 ===

  This is the root: the experiment runs 11 min once the mesh forms.
  Expected TERMINATE around 10:56 - set an alarm, nothing needs you until then.
  Then come back and press Ctrl+] to auto-export.
  .\run.ps1 -Port COM3 -Role root -Label ROOT -Topology linear -Location G402 -Repeat 1 -Scenario none -Wipe -Flash -Attack blackhole -Analyze
Full-erasing COM3 before this run (guaranteed-clean SPIFFS; auto-fixes 'storage full') ...

Board: ROOT (on COM3)
Flashing + monitoring root on COM3 (topology=linear, attack=blackhole, scenario=none, build=C:\Users\Angelo Calpoporo\AppData\Local\esp32_builds\T_1140e558\root_node\build_root_blackhole_linear_COM3). Ctrl+] when it reaches 'terminate' to auto-export (you'll get a few seconds to cancel with 'n').
I (887330) MESH_SETUP: 1     b0:cb:d8:f3:32:18  ROOT        Node-5-Attacker  0      4      0
I (887340) MESH_SETUP: TOPOLOGY CHECK: LINEAR OK — chain of 1 node(s), b0:cb:d8:f3:32:18 .. b0:cb:d8:f3:32:18
I (887350) MESH_SETUP: =====================================================================
I (901360) MESH_SETUP: ============ MESH TOPOLOGY: LINEAR, 1 node, 1 layer ============
I (901370) MESH_SETUP: LYR   MAC                ROLE        NICKNAME         RSSI   PHASE  AGE_S
I (901370) MESH_SETUP: 1     b0:cb:d8:f3:32:18  ROOT        Node-5-Attacker  0      4      0
I (901380) MESH_SETUP: TOPOLOGY CHECK: LINEAR OK — chain of 1 node(s), b0:cb:d8:f3:32:18 .. b0:cb:d8:f3:32:18
I (901390) MESH_SETUP: =====================================================================
I (915400) MESH_SETUP: ============ MESH TOPOLOGY: LINEAR, 1 node, 1 layer ============
I (915400) MESH_SETUP: LYR   MAC                ROLE        NICKNAME         RSSI   PHASE  AGE_S
I (915410) MESH_SETUP: 1     b0:cb:d8:f3:32:18  ROOT        Node-5-Attacker  0      4      0
I (915420) MESH_SETUP: TOPOLOGY CHECK: LINEAR OK — chain of 1 node(s), b0:cb:d8:f3:32:18 .. b0:cb:d8:f3:32:18
I (915430) MESH_SETUP: =====================================================================
I (929440) MESH_SETUP: ============ MESH TOPOLOGY: LINEAR, 1 node, 1 layer ============
I (929440) MESH_SETUP: LYR   MAC                ROLE        NICKNAME         RSSI   PHASE  AGE_S
I (929450) MESH_SETUP: 1     b0:cb:d8:f3:32:18  ROOT        Node-5-Attacker  0      4      0
I (929460) MESH_SETUP: TOPOLOGY CHECK: LINEAR OK — chain of 1 node(s), b0:cb:d8:f3:32:18 .. b0:cb:d8:f3:32:18
I (929470) MESH_SETUP: =====================================================================
I (943480) MESH_SETUP: ============ MESH TOPOLOGY: LINEAR, 1 node, 1 layer ============
I (943480) MESH_SETUP: LYR   MAC                ROLE        NICKNAME         RSSI   PHASE  AGE_S
I (943490) MESH_SETUP: 1     b0:cb:d8:f3:32:18  ROOT        Node-5-Attacker  0      4      0
I (943500) MESH_SETUP: TOPOLOGY CHECK: LINEAR OK — chain of 1 node(s), b0:cb:d8:f3:32:18 .. b0:cb:d8:f3:32:18
I (943510) MESH_SETUP: =====================================================================
I (957520) MESH_SETUP: ============ MESH TOPOLOGY: LINEAR, 1 node, 1 layer ============
I (957520) MESH_SETUP: LYR   MAC                ROLE        NICKNAME         RSSI   PHASE  AGE_S
I (957530) MESH_SETUP: 1     b0:cb:d8:f3:32:18  ROOT        Node-5-Attacker  0      4      0
I (957540) MESH_SETUP: TOPOLOGY CHECK: LINEAR OK — chain of 1 node(s), b0:cb:d8:f3:32:18 .. b0:cb:d8:f3:32:18
I (957550) MESH_SETUP: =====================================================================
I (971560) MESH_SETUP: ============ MESH TOPOLOGY: LINEAR, 1 node, 1 layer ============
I (971560) MESH_SETUP: LYR   MAC                ROLE        NICKNAME         RSSI   PHASE  AGE_S
I (971570) MESH_SETUP: 1     b0:cb:d8:f3:32:18  ROOT        Node-5-Attacker  0      4      0
I (971580) MESH_SETUP: TOPOLOGY CHECK: LINEAR OK — chain of 1 node(s), b0:cb:d8:f3:32:18 .. b0:cb:d8:f3:32:18
I (971590) MESH_SETUP: =====================================================================

Done

Monitor closed - exporting root CSVs from COM3 in 5s. Press 'n' to skip.
Exporting root CSVs from COM3 ...

Done in 44s. Files are in tools\exports\.


Auto-analysis (M6): python preprocess.py over blackhole\linear\G402 ...

Windowed dataset done in 3s -> analysis\blackhole\linear\G402\windowed_dataset.csv
Auto-analysis (M7): python features.py over blackhole\linear\G402 ...

Features done in 4s -> analysis\blackhole\linear\G402\feature_table.csv
Auto-analysis (M8): python eda.py -> blackhole\linear\G402\eda_output ...

EDA done in 10s -> analysis\blackhole\linear\G402\eda_output\

Export + analysis: 1m 09s total

All 1 board(s) done in 28 min 12 sec.
    ROOT     28 min 12 sec   (root)
  Exports  -> A:\Angelo\Excelsior\THESIS\T\ESP32-Environment\tools\exports\blackhole\linear\G402
  Analysis -> A:\Angelo\Excelsior\THESIS\T\ESP32-Environment\analysis\blackhole\linear\G402
             (windowed_dataset.csv, feature_table.csv, eda_output\)

Check the attack signature: in the root's *_arrivals.csv, each victim's
src_mac should go silent during gt_label=1 rows and resume at cooldown.

Graded run? Record it:  python tools\run_matrix.py --autorecord
**********************
Windows PowerShell transcript end
End time: 20260918111412
**********************
