**********************
Windows PowerShell transcript start
Start time: 20260918151449
Username: ANGELO\Angelo Calpoporo
RunAs User: ANGELO\Angelo Calpoporo
Configuration Name: 
Machine: ANGELO (Microsoft Windows NT 10.0.26200.0)
Host Application: C:\Windows\System32\WindowsPowerShell\v1.0\powershell.exe -ExecutionPolicy Bypass -NoExit -File C:\Espressif/Initialize-Idf.ps1 -IdfId esp-idf-20ee62e792ea89630ac6a777ab3ebc57
Process ID: 43000
PSVersion: 5.1.26100.9444
PSEdition: Desktop
PSCompatibleVersions: 1.0, 2.0, 3.0, 4.0, 5.0, 5.1.26100.9444
BuildVersion: 10.0.26100.9444
CLRVersion: 4.0.30319.42000
WSManStackVersion: 3.0
PSRemotingProtocolVersion: 2.3
SerializationVersion: 1.1.0.1
**********************
  Logging this run -> A:\Angelo\Excelsior\THESIS\T\ESP32-Environment\run_logs\linear-blackhole-none-g402_2026-09-18_151448.log

Exit each monitor with Ctrl+]  -  NOT Ctrl+C (Ctrl+C kills this wizard too).

=== [1/1] ROOT - ROOT (announces the phases) on COM3 ===

  This is the root: the experiment runs 11 min once the mesh forms.
  Expected TERMINATE around 15:25 - set an alarm, nothing needs you until then.
  Then come back and press Ctrl+] to auto-export.
  .\run.ps1 -Port COM3 -Role root -Label ROOT -Topology linear -Location G402 -Repeat 1 -Scenario none -Wipe -Flash -Attack blackhole -Analyze
Freeing COM3: stopping stale process 29808 still holding it.
Freeing COM3: stopping stale process 27160 still holding it.
Freeing COM3: stopping stale process 38976 still holding it.
Freeing COM3: stopping stale process 21788 still holding it.
Freeing COM3: stopping stale process 49592 still holding it.
Freeing COM3: stopping stale process 25192 still holding it.
Full-erasing COM3 before this run (guaranteed-clean SPIFFS; auto-fixes 'storage full') ...

Board: ROOT (on COM3)
Flashing + monitoring root on COM3 (topology=linear, attack=blackhole, scenario=none, build=C:\Users\Angelo Calpoporo\AppData\Local\esp32_builds\T_1140e558\root_node\build_root_blackhole_linear_COM3). Ctrl+] when it reaches 'terminate' to auto-export (you'll get a few seconds to cancel with 'n').

PS>TerminatingError(): "The pipeline has been stopped."
>> TerminatingError(): "The pipeline has been stopped."
PS>TerminatingError(): "The pipeline has been stopped."
**********************
Windows PowerShell transcript end
End time: 20260918154220
**********************
