**********************
Windows PowerShell transcript start
Start time: 20260922013740
Username: ANGELO\Angelo Calpoporo
RunAs User: ANGELO\Angelo Calpoporo
Configuration Name: 
Machine: ANGELO (Microsoft Windows NT 10.0.26200.0)
Host Application: C:\Windows\System32\WindowsPowerShell\v1.0\powershell.exe -ExecutionPolicy Bypass -NoExit -File C:\Espressif/Initialize-Idf.ps1 -IdfId esp-idf-20ee62e792ea89630ac6a777ab3ebc57
Process ID: 12932
PSVersion: 5.1.26100.9444
PSEdition: Desktop
PSCompatibleVersions: 1.0, 2.0, 3.0, 4.0, 5.0, 5.1.26100.9444
BuildVersion: 10.0.26100.9444
CLRVersion: 4.0.30319.42000
WSManStackVersion: 3.0
PSRemotingProtocolVersion: 2.3
SerializationVersion: 1.1.0.1
**********************
  Logging this run -> A:\Angelo\Excelsior\THESIS\T\ESP32-Environment\run_logs\TRY_2026-09-22_013740.log

Exit each monitor with Ctrl+]  -  NOT Ctrl+C (Ctrl+C kills this wizard too).

A CHILD flashed before the root has nothing to join yet, so it will spam
'[FIND] ... fail to find a network' for up to 60s - that is NORMAL, not stuck.
It boots fine either way. Do not wait it out - press Ctrl+] as soon as you see
'=== VICTIM NODE STARTING ===' (or the matching attack banner) and move on.

=== [1/4] node2 - blackhole victim on COM10 ===
  .\run.ps1 -Port COM10 -Role child -Label node2 -Topology linear -Location home -Repeat 1 -Scenario none -Wipe -Flash -Attack blackhole -BlackholeRole victim -Export
Full-erasing COM10 before this run (guaranteed-clean SPIFFS; auto-fixes 'storage full') ...

erase_flash didn't run (port busy? board unplugged?) -- falling back to serial DELETE_LOGS.

Board: node2 (on COM10)
Flashing + monitoring child on COM10 (topology=linear, attack=blackhole, scenario=none, build=C:\Users\Angelo Calpoporo\AppData\Local\esp32_builds\T_1140e558\child_node\build_child_blackhole_linear_victim_COM10). Ctrl+] when it reaches 'terminate' to auto-export (you'll get a few seconds to cancel with 'n').


Monitor closed - exporting child CSVs from COM10 in 5s. Press 'n' to skip.
Export skipped. Data is safe on COM10's SPIFFS.
To export later:  python tools\export_logs.py --port COM10 --role child --topology linear --attack blackhole --repeat 1 --scenario none --location home --label node2

=== [2/4] node3 - blackhole ATTACKER on COM11 ===
  .\run.ps1 -Port COM11 -Role child -Label node3 -Topology linear -Location home -Repeat 1 -Scenario none -Wipe -Flash -Attack blackhole -BlackholeRole attacker -Export
Full-erasing COM11 before this run (guaranteed-clean SPIFFS; auto-fixes 'storage full') ...

Board: node3 (on COM11)
Flashing + monitoring child on COM11 (topology=linear, attack=blackhole, scenario=none, build=C:\Users\Angelo Calpoporo\AppData\Local\esp32_builds\T_1140e558\child_node\build_child_blackhole_linear_attacker_COM11). Ctrl+] when it reaches 'terminate' to auto-export (you'll get a few seconds to cancel with 'n').


Monitor closed - exporting child CSVs from COM11 in 5s. Press 'n' to skip.
Export skipped. Data is safe on COM11's SPIFFS.
To export later:  python tools\export_logs.py --port COM11 --role child --topology linear --attack blackhole --repeat 1 --scenario none --location home --label node3

=== [3/4] node4 - blackhole victim on COM9 ===
  .\run.ps1 -Port COM9 -Role child -Label node4 -Topology linear -Location home -Repeat 1 -Scenario none -Wipe -Flash -Attack blackhole -BlackholeRole victim -Export
Full-erasing COM9 before this run (guaranteed-clean SPIFFS; auto-fixes 'storage full') ...

Board: node4 (on COM9)
Flashing + monitoring child on COM9 (topology=linear, attack=blackhole, scenario=none, build=C:\Users\Angelo Calpoporo\AppData\Local\esp32_builds\T_1140e558\child_node\build_child_blackhole_linear_victim_COM9). Ctrl+] when it reaches 'terminate' to auto-export (you'll get a few seconds to cancel with 'n').


Monitor closed - exporting child CSVs from COM9 in 5s. Press 'n' to skip.
Export skipped. Data is safe on COM9's SPIFFS.
To export later:  python tools\export_logs.py --port COM9 --role child --topology linear --attack blackhole --repeat 1 --scenario none --location home --label node4

=== [4/4] ROOT - ROOT (announces the phases) on COM3 ===

  This is the root: the experiment runs 11 min once the mesh forms.
  Expected TERMINATE around 01:53 - set an alarm, nothing needs you until then.
  Then come back and press Ctrl+] to auto-export.
  .\run.ps1 -Port COM3 -Role root -Label ROOT -Topology linear -Location home -Repeat 1 -Scenario none -Wipe -Flash -Attack blackhole -Analyze
Full-erasing COM3 before this run (guaranteed-clean SPIFFS; auto-fixes 'storage full') ...

Board: ROOT (on COM3)
Flashing + monitoring root on COM3 (topology=linear, attack=blackhole, scenario=none, build=C:\Users\Angelo Calpoporo\AppData\Local\esp32_builds\T_1140e558\root_node\build_root_blackhole_linear_COM3). Ctrl+] when it reaches 'terminate' to auto-export (you'll get a few seconds to cancel with 'n').


Monitor closed - exporting root CSVs from COM3 in 5s. Press 'n' to skip.
PS>TerminatingError(): "The pipeline has been stopped."
>> TerminatingError(): "The pipeline has been stopped."
**********************
Windows PowerShell transcript end
End time: 20260922020155
**********************
