**********************
Windows PowerShell transcript start
Start time: 20260925103357
Username: ANGELO\Angelo Calpoporo
RunAs User: ANGELO\Angelo Calpoporo
Configuration Name: 
Machine: ANGELO (Microsoft Windows NT 10.0.26200.0)
Host Application: C:\Windows\System32\WindowsPowerShell\v1.0\powershell.exe -ExecutionPolicy Bypass -NoExit -File C:\Espressif/Initialize-Idf.ps1 -IdfId esp-idf-20ee62e792ea89630ac6a777ab3ebc57
Process ID: 10408
PSVersion: 5.1.26100.9444
PSEdition: Desktop
PSCompatibleVersions: 1.0, 2.0, 3.0, 4.0, 5.0, 5.1.26100.9444
BuildVersion: 10.0.26100.9444
CLRVersion: 4.0.30319.42000
WSManStackVersion: 3.0
PSRemotingProtocolVersion: 2.3
SerializationVersion: 1.1.0.1
**********************
  Logging this run -> A:\Angelo\Excelsior\THESIS\T\ESP32-Environment\run_logs\blackhole\linear\G402\stationary\linear-blackhole-stationary-g402_2026-09-25_103357.log

Exit each monitor with Ctrl+]  -  NOT Ctrl+C (Ctrl+C kills this wizard too).

A CHILD flashed before the root has nothing to join yet, so it will spam
'[FIND] ... fail to find a network' for up to 60s - that is NORMAL, not stuck.
It boots fine either way. Do not wait it out - press Ctrl+] as soon as you see
'=== VICTIM NODE STARTING ===' (or the matching attack banner) and move on.

=== [1/4] node5 - blackhole victim on COM3 ===
  .\run.ps1 -Port COM3 -Role child -Label node5 -Topology linear -Location G402 -Repeat 1 -Scenario stationary -Wipe -Flash -Attack blackhole -BlackholeRole victim -Export
Setting COM3's clock from this laptop (so captures get real dates) ...

Full-erasing COM3 before this run (guaranteed-clean SPIFFS; auto-fixes 'storage full') ...

Board: node5 (on COM3)
Flashing + monitoring child on COM3 (topology=linear, attack=blackhole, scenario=stationary, build=C:\Users\Angelo Calpoporo\AppData\Local\esp32_builds\T_1140e558\child_node\build_child_blackhole_linear_victim_COM3). Ctrl+] when it reaches 'terminate' to auto-export (you'll get a few seconds to cancel with 'n').



Monitor closed - exporting child CSVs from COM3 in 5s. Press 'n' to skip.
Export skipped. Data is safe on COM3's SPIFFS.
To export later:  python tools\export_logs.py --port COM3 --role child --topology linear --attack blackhole --repeat 1 --scenario stationary --location G402 --label node5

=== [2/4] node6 - blackhole victim on COM15 ===
  .\run.ps1 -Port COM15 -Role child -Label node6 -Topology linear -Location G402 -Repeat 1 -Scenario stationary -Wipe -Flash -Attack blackhole -BlackholeRole victim -Export
Setting COM15's clock from this laptop (so captures get real dates) ...

Full-erasing COM15 before this run (guaranteed-clean SPIFFS; auto-fixes 'storage full') ...

Board: node6 (on COM15)
Flashing + monitoring child on COM15 (topology=linear, attack=blackhole, scenario=stationary, build=C:\Users\Angelo Calpoporo\AppData\Local\esp32_builds\T_1140e558\child_node\build_child_blackhole_linear_victim_COM15). Ctrl+] when it reaches 'terminate' to auto-export (you'll get a few seconds to cancel with 'n').



Monitor closed - exporting child CSVs from COM15 in 5s. Press 'n' to skip.
Export skipped. Data is safe on COM15's SPIFFS.
To export later:  python tools\export_logs.py --port COM15 --role child --topology linear --attack blackhole --repeat 1 --scenario stationary --location G402 --label node6

=== [3/4] node7 - blackhole victim on COM18 ===
  .\run.ps1 -Port COM18 -Role child -Label node7 -Topology linear -Location G402 -Repeat 1 -Scenario stationary -Wipe -Flash -Attack blackhole -BlackholeRole victim -Export
Setting COM18's clock from this laptop (so captures get real dates) ...

Full-erasing COM18 before this run (guaranteed-clean SPIFFS; auto-fixes 'storage full') ...

Board: node7 (on COM18)
Flashing + monitoring child on COM18 (topology=linear, attack=blackhole, scenario=stationary, build=C:\Users\Angelo Calpoporo\AppData\Local\esp32_builds\T_1140e558\child_node\build_child_blackhole_linear_victim_COM18). Ctrl+] when it reaches 'terminate' to auto-export (you'll get a few seconds to cancel with 'n').



Monitor closed - exporting child CSVs from COM18 in 5s. Press 'n' to skip.
Export skipped. Data is safe on COM18's SPIFFS.
To export later:  python tools\export_logs.py --port COM18 --role child --topology linear --attack blackhole --repeat 1 --scenario stationary --location G402 --label node7

=== [4/4] node8 - blackhole victim on COM4 ===
  .\run.ps1 -Port COM4 -Role child -Label node8 -Topology linear -Location G402 -Repeat 1 -Scenario stationary -Wipe -Flash -Attack blackhole -BlackholeRole victim -Export
Setting COM4's clock from this laptop (so captures get real dates) ...

Full-erasing COM4 before this run (guaranteed-clean SPIFFS; auto-fixes 'storage full') ...

Board: node8 (on COM4)
Flashing + monitoring child on COM4 (topology=linear, attack=blackhole, scenario=stationary, build=C:\Users\Angelo Calpoporo\AppData\Local\esp32_builds\T_1140e558\child_node\build_child_blackhole_linear_victim_COM4). Ctrl+] when it reaches 'terminate' to auto-export (you'll get a few seconds to cancel with 'n').



Monitor closed - exporting child CSVs from COM4 in 5s. Press 'n' to skip.
Export skipped. Data is safe on COM4's SPIFFS.
To export later:  python tools\export_logs.py --port COM4 --role child --topology linear --attack blackhole --repeat 1 --scenario stationary --location G402 --label node8

All 4 board(s) done in 4 min 12 sec.
    node5    57 sec
    node6    53 sec
    node7    1 min 07 sec
    node8    1 min 15 sec
  Exports  -> A:\Angelo\Excelsior\THESIS\T\ESP32-Environment\tools\exports\blackhole\linear\G402\stationary
  Analysis -> A:\Angelo\Excelsior\THESIS\T\ESP32-Environment\analysis\blackhole\linear\G402\stationary
             (windowed_dataset.csv, feature_table.csv, eda_output\)

Check the attack signature: in the root's *_arrivals.csv, each victim's
src_mac should go silent during gt_label=1 rows and resume at cooldown.

Graded run? Record it:  python tools\run_matrix.py --autorecord
**********************
Windows PowerShell transcript end
End time: 20260925103809
**********************
