**********************
Windows PowerShell transcript start
Start time: 20260925105758
Username: ANGELO\Angelo Calpoporo
RunAs User: ANGELO\Angelo Calpoporo
Configuration Name: 
Machine: ANGELO (Microsoft Windows NT 10.0.26200.0)
Host Application: C:\Windows\System32\WindowsPowerShell\v1.0\powershell.exe -ExecutionPolicy Bypass -NoExit -File C:\Espressif/Initialize-Idf.ps1 -IdfId esp-idf-20ee62e792ea89630ac6a777ab3ebc57
Process ID: 10408
PSVersion: 5.1.26100.9444
PSEdition: Desktop
PSCompatibleVersions: 1.0, 2.0, 3.0, 4.0, 5.0, 5.1.26100.9444
BuildVersion: 10.0.26100.9444
CLRVersion: 4.0.30319.42000
WSManStackVersion: 3.0
PSRemotingProtocolVersion: 2.3
SerializationVersion: 1.1.0.1
**********************
  Logging this run -> A:\Angelo\Excelsior\THESIS\T\ESP32-Environment\run_logs\blackhole\linear\G402\stationary\linear-blackhole-stationary-g402_2026-09-25_105758.log

Exit each monitor with Ctrl+]  -  NOT Ctrl+C (Ctrl+C kills this wizard too).

=== [1/1] root - ROOT (announces the phases) on COM3 ===

  This is the root: the experiment runs 11 min once the mesh forms.
  Expected TERMINATE around 11:08 - set an alarm, nothing needs you until then.
  Then come back and press Ctrl+] to auto-export.

  ROSTER GATE: this root WAITS until all 7 children are in the mesh before Phase 0.
  Every child must already be on its FINAL power (powerbank/charger) - a board moved
  after this point cuts its own capture. The monitor prints 'WAITING: n/N' every 10 s;
  if a child is truly gone, type START_ANYWAY + Enter there (the run is then SHORT).
  .\run.ps1 -Port COM3 -Role root -Label root -Topology linear -Location G402 -Repeat 1 -Scenario stationary -Wipe -Flash -Attack blackhole -Analyze -ExpectedChildren 7
Setting COM3's clock from this laptop (so captures get real dates) ...

Full-erasing COM3 before this run (guaranteed-clean SPIFFS; auto-fixes 'storage full') ...

Board: root (on COM3)
Flashing + monitoring root on COM3 (topology=linear, attack=blackhole, scenario=stationary, build=C:\Users\Angelo Calpoporo\AppData\Local\esp32_builds\T_1140e558\root_node\build_root_blackhole_linear_COM3). Ctrl+] when it reaches 'terminate' to auto-export (you'll get a few seconds to cancel with 'n').



Monitor closed - exporting root CSVs from COM3 in 5s. Press 'n' to skip.
Export skipped. Data is safe on COM3's SPIFFS.
To export later:  python tools\export_logs.py --port COM3 --role root --topology linear --attack blackhole --repeat 1 --scenario stationary --location G402 --label root

All 1 board(s) done in 16 min 34 sec.
    root     16 min 34 sec   (root)
  Exports  -> A:\Angelo\Excelsior\THESIS\T\ESP32-Environment\tools\exports\blackhole\linear\G402\stationary
  Analysis -> A:\Angelo\Excelsior\THESIS\T\ESP32-Environment\analysis\blackhole\linear\G402\stationary
             (windowed_dataset.csv, feature_table.csv, eda_output\)

Check the attack signature: in the root's *_arrivals.csv, each victim's
src_mac should go silent during gt_label=1 rows and resume at cooldown.

Graded run? Record it:  python tools\run_matrix.py --autorecord
**********************
Windows PowerShell transcript end
End time: 20260925111432
**********************
